src/components/AeronaveComparativoComercialParticular.tsx(4,3): error TS6133: 'TrendingUp' is declared but its value is never read.
src/components/AeronaveComparativoComercialParticular.tsx(5,3): error TS6133: 'TrendingDown' is declared but its value is never read.
src/components/AeronaveComparativoComercialParticular.tsx(8,3): error TS6133: 'Building2' is declared but its value is never read.
src/components/AeronaveComparativoComercialParticular.tsx(207,54): error TS2551: Property 'data_emissao' does not exist on type 'AeronaveLancamento'. Did you mean 'data_missao'?
src/components/AeronaveComparativoComercialParticular.tsx(208,54): error TS2551: Property 'data_emissao' does not exist on type 'AeronaveLancamento'. Did you mean 'data_missao'?
src/components/AeronaveComparativoComercialParticular.tsx(541,63): error TS2551: Property 'data_emissao' does not exist on type 'AeronaveLancamento'. Did you mean 'data_missao'?
src/components/AeronaveComparativoComercialParticular.tsx(553,63): error TS2339: Property 'valor' does not exist on type 'AeronaveLancamento'.
src/components/AeronaveComparativoComercialParticular.tsx(556,29): error TS2551: Property 'observacoes' does not exist on type 'AeronaveLancamento'. Did you mean 'observacao'?
src/components/collaborators/CollaboratorFormModal.tsx(3,8): error TS6133: 'React' is declared but its value is never read.
src/components/collaborators/CollaboratorFormModal.tsx(62,41): error TS2345: Argument of type '{ id: any; name: any; }[]' is not assignable to parameter of type 'SetStateAction<Partner[]>'.
  Type '{ id: any; name: any; }[]' is not assignable to type 'Partner[]'.
    Property 'active' is missing in type '{ id: any; name: any; }' but required in type 'Partner'.
src/components/collaborators/CollaboratorFormModal.tsx(63,39): error TS2345: Argument of type '{ id: any; name: any; }[]' is not assignable to parameter of type 'SetStateAction<Collaborator[]>'.
  Type '{ id: any; name: any; }[]' is not assignable to type 'Collaborator[]'.
    Property 'status' is missing in type '{ id: any; name: any; }' but required in type 'Collaborator'.
src/components/collaborators/CollaboratorsList.tsx(3,8): error TS6133: 'React' is declared but its value is never read.
src/components/collaborators/CollaboratorsList.tsx(6,16): error TS6133: 'Trash2' is declared but its value is never read.
src/components/collaborators/components/CollaboratorSettingsModal.tsx(96,30): error TS2347: Untyped function calls may not accept type arguments.
src/components/collaborators/components/DescriptiveTable.tsx(54,45): error TS2345: Argument of type 'string | undefined' is not assignable to parameter of type 'string'.
  Type 'undefined' is not assignable to type 'string'.
src/components/collaborators/components/DescriptiveTable.tsx(60,40): error TS2769: No overload matches this call.
  Overload 1 of 4, '(value: string | number | Date): Date', gave the following error.
    Argument of type 'string | undefined' is not assignable to parameter of type 'string | number | Date'.
      Type 'undefined' is not assignable to type 'string | number | Date'.
  Overload 2 of 4, '(value: string | number): Date', gave the following error.
    Argument of type 'string | undefined' is not assignable to parameter of type 'string | number'.
      Type 'undefined' is not assignable to type 'string | number'.
src/components/collaborators/components/DescriptiveTable.tsx(61,47): error TS2345: Argument of type 'string | undefined' is not assignable to parameter of type 'string'.
  Type 'undefined' is not assignable to type 'string'.
src/components/collaborators/components/EnderecoSection.tsx(36,9): error TS6133: 'highlightClass' is declared but its value is never read.
src/components/collaborators/components/SocioRulesTable.tsx(94,47): error TS2345: Argument of type 'string | undefined' is not assignable to parameter of type 'string'.
  Type 'undefined' is not assignable to type 'string'.
src/components/collaborators/components/VagaViewModal.tsx(1,1): error TS6192: All imports in import declaration are unused.
src/components/collaborators/components/VagaViewModal.tsx(2,1): error TS6133: 'Vaga' is declared but its value is never read.
src/components/collaborators/components/VagaViewModal.tsx(5,5): error TS6133: 'AlertCircle' is declared but its value is never read.
src/components/collaborators/components/VagaViewModal.tsx(16,1): error TS6133: 'supabase' is declared but its value is never read.
src/components/collaborators/components/VagaViewModal.tsx(188,89): error TS7006: Parameter 't' implicitly has an 'any' type.
src/components/collaborators/components/VagaViewModal.tsx(188,109): error TS7006: Parameter 't' implicitly has an 'any' type.
src/components/collaborators/components/VagaViewModal.tsx(188,112): error TS7006: Parameter 'i' implicitly has an 'any' type.
src/components/collaborators/modals/CollaboratorManagerModal.tsx(3,8): error TS6133: 'React' is declared but its value is never read.
src/components/collaborators/modals/PartnerManagerModal.tsx(3,8): error TS6133: 'React' is declared but its value is never read.
src/components/collaborators/modals/PartnerManagerModal.tsx(4,19): error TS6133: 'Loader2' is declared but its value is never read.
src/components/collaborators/pages/Colaboradores.tsx(3,3): error TS6133: 'Search' is declared but its value is never read.
src/components/collaborators/pages/Colaboradores.tsx(14,1): error TS6133: 'FilterSelect' is declared but its value is never read.
src/components/collaborators/pages/Colaboradores.tsx(164,10): error TS6133: 'isFiltersExpanded' is declared but its value is never read.
src/components/collaborators/pages/Colaboradores.tsx(164,29): error TS6133: 'setIsFiltersExpanded' is declared but its value is never read.
src/components/collaborators/pages/Colaboradores.tsx(165,10): error TS6133: 'isVtSectionExpanded' is declared but its value is never read.
src/components/collaborators/pages/Colaboradores.tsx(165,31): error TS6133: 'setIsVtSectionExpanded' is declared but its value is never read.
src/components/collaborators/pages/Colaboradores.tsx(351,9): error TS6133: 'activeCount' is declared but its value is never read.
src/components/collaborators/pages/Colaboradores.tsx(1813,93): error TS2551: Property 'rateio' does not exist on type 'Collaborator'. Did you mean 'rateios'?
src/components/collaborators/pages/Colaboradores.tsx(1821,79): error TS2339: Property 'id' does not exist on type '{ name: string; }'.
src/components/collaborators/pages/Colaboradores.tsx(1822,79): error TS2339: Property 'id' does not exist on type '{ name: string; }'.
src/components/collaborators/pages/Colaboradores.tsx(1825,85): error TS2339: Property 'id' does not exist on type '{ name: string; }'.
src/components/collaborators/pages/Colaboradores.tsx(1827,85): error TS2551: Property 'transporte_tipo' does not exist on type 'Collaborator'. Did you mean 'transportes'?
src/components/collaborators/pages/Colaboradores.tsx(1829,124): error TS2339: Property 'escolaridade_graduacao_concluida' does not exist on type 'Collaborator'.
src/components/collaborators/pages/Colaboradores.tsx(1829,170): error TS2339: Property 'escolaridade_graduacao_concluida' does not exist on type 'Collaborator'.
src/components/collaborators/pages/Colaboradores.tsx(1830,136): error TS2339: Property 'escolaridade_pos_graduacao_concluida' does not exist on type 'Collaborator'.
src/components/collaborators/pages/Colaboradores.tsx(1830,186): error TS2339: Property 'escolaridade_pos_graduacao_concluida' does not exist on type 'Collaborator'.
src/components/collaborators/pages/Colaboradores.tsx(1832,79): error TS2551: Property 'escolaridade_ano_conclusao' does not exist on type 'Collaborator'. Did you mean 'escolaridade_previsao_conclusao'?
src/components/collaborators/pages/Colaboradores.tsx(1865,93): error TS2551: Property 'rateio' does not exist on type 'Collaborator'. Did you mean 'rateios'?
src/components/collaborators/pages/Colaboradores.tsx(1873,79): error TS2339: Property 'id' does not exist on type '{ name: string; }'.
src/components/collaborators/pages/Colaboradores.tsx(1874,79): error TS2339: Property 'id' does not exist on type '{ name: string; }'.
src/components/collaborators/pages/Colaboradores.tsx(1877,85): error TS2339: Property 'id' does not exist on type '{ name: string; }'.
src/components/collaborators/pages/Colaboradores.tsx(1879,85): error TS2551: Property 'transporte_tipo' does not exist on type 'Collaborator'. Did you mean 'transportes'?
src/components/collaborators/pages/Colaboradores.tsx(1881,124): error TS2339: Property 'escolaridade_graduacao_concluida' does not exist on type 'Collaborator'.
src/components/collaborators/pages/Colaboradores.tsx(1881,170): error TS2339: Property 'escolaridade_graduacao_concluida' does not exist on type 'Collaborator'.
src/components/collaborators/pages/Colaboradores.tsx(1882,136): error TS2339: Property 'escolaridade_pos_graduacao_concluida' does not exist on type 'Collaborator'.
src/components/collaborators/pages/Colaboradores.tsx(1882,186): error TS2339: Property 'escolaridade_pos_graduacao_concluida' does not exist on type 'Collaborator'.
src/components/collaborators/pages/Colaboradores.tsx(1884,79): error TS2551: Property 'escolaridade_ano_conclusao' does not exist on type 'Collaborator'. Did you mean 'escolaridade_previsao_conclusao'?
src/components/collaborators/pages/Colaboradores.tsx(1919,93): error TS2551: Property 'rateio' does not exist on type 'Collaborator'. Did you mean 'rateios'?
src/components/collaborators/pages/Colaboradores.tsx(1927,79): error TS2339: Property 'id' does not exist on type '{ name: string; }'.
src/components/collaborators/pages/Colaboradores.tsx(1928,79): error TS2339: Property 'id' does not exist on type '{ name: string; }'.
src/components/collaborators/pages/Colaboradores.tsx(1931,85): error TS2339: Property 'id' does not exist on type '{ name: string; }'.
src/components/collaborators/pages/Colaboradores.tsx(1933,85): error TS2551: Property 'transporte_tipo' does not exist on type 'Collaborator'. Did you mean 'transportes'?
src/components/collaborators/pages/Colaboradores.tsx(1935,124): error TS2339: Property 'escolaridade_graduacao_concluida' does not exist on type 'Collaborator'.
src/components/collaborators/pages/Colaboradores.tsx(1935,170): error TS2339: Property 'escolaridade_graduacao_concluida' does not exist on type 'Collaborator'.
src/components/collaborators/pages/Colaboradores.tsx(1936,136): error TS2339: Property 'escolaridade_pos_graduacao_concluida' does not exist on type 'Collaborator'.
src/components/collaborators/pages/Colaboradores.tsx(1936,186): error TS2339: Property 'escolaridade_pos_graduacao_concluida' does not exist on type 'Collaborator'.
src/components/collaborators/pages/Colaboradores.tsx(1938,79): error TS2551: Property 'escolaridade_ano_conclusao' does not exist on type 'Collaborator'. Did you mean 'escolaridade_previsao_conclusao'?
src/components/collaborators/pages/Presencial.tsx(34,10): error TS6133: 'uploading' is declared but its value is never read.
src/components/collaborators/pages/Presencial.tsx(35,10): error TS6133: 'progress' is declared but its value is never read.
src/components/collaborators/pages/Presencial.tsx(46,10): error TS6133: 'sociosList' is declared but its value is never read.
src/components/collaborators/pages/Presencial.tsx(373,15): error TS6133: 'rulesToInsert' is declared but its value is never read.
src/components/collaborators/utils/exportColaboradores.ts(3,1): error TS6192: All imports in import declaration are unused.
src/components/collaborators/utils/presencialUtils.ts(111,42): error TS6133: 'key' is declared but its value is never read.
src/components/common/InactivityModal.tsx(3,10): error TS6133: 'AlertTriangle' is declared but its value is never read.
src/components/controladoria/analysts/AnalystManagerModal.tsx(1,8): error TS6133: 'React' is declared but its value is never read.
src/components/controladoria/clients/ClientFormModal.tsx(3,8): error TS6133: 'React' is declared but its value is never read.
src/components/controladoria/contracts/components/ProcessDetailsModal.tsx(1,1): error TS6133: 'React' is declared but its value is never read.
src/components/controladoria/contracts/components/ProcessDetailsModal.tsx(31,76): error TS2339: Property 'court' does not exist on type 'ContractProcess'.
src/components/controladoria/contracts/components/ProcessDetailsModal.tsx(39,76): error TS2339: Property 'vara' does not exist on type 'ContractProcess'.
src/components/controladoria/contracts/components/ProcessDetailsModal.tsx(43,76): error TS2339: Property 'comarca' does not exist on type 'ContractProcess'.
src/components/controladoria/contracts/components/ProcessDetailsModal.tsx(49,22): error TS2339: Property 'magistrates' does not exist on type 'ContractProcess'.
src/components/controladoria/contracts/components/ProcessDetailsModal.tsx(49,53): error TS2339: Property 'magistrates' does not exist on type 'ContractProcess'.
src/components/controladoria/contracts/components/ProcessDetailsModal.tsx(49,104): error TS2339: Property 'magistrates' does not exist on type 'ContractProcess'.
src/components/controladoria/contracts/components/ProcessDetailsModal.tsx(49,128): error TS2339: Property 'magistrates' does not exist on type 'ContractProcess'.
src/components/controladoria/contracts/components/ProcessDetailsModal.tsx(51,34): error TS2339: Property 'magistrates' does not exist on type 'ContractProcess'.
src/components/controladoria/contracts/components/ProcessDetailsModal.tsx(52,59): error TS2339: Property 'magistrates' does not exist on type 'ContractProcess'.
src/components/controladoria/contracts/components/ProcessDetailsModal.tsx(53,45): error TS2339: Property 'magistrates' does not exist on type 'ContractProcess'.
src/components/controladoria/contracts/components/ProcessDetailsModal.tsx(53,68): error TS2339: Property 'magistrates' does not exist on type 'ContractProcess'.
src/components/controladoria/contracts/components/ProcessDetailsModal.tsx(54,24): error TS7006: Parameter 'm' implicitly has an 'any' type.
src/components/controladoria/contracts/components/ProcessDetailsModal.tsx(54,27): error TS7006: Parameter 'idx' implicitly has an 'any' type.
src/components/controladoria/contracts/components/ProcessDetailsModal.tsx(73,76): error TS2339: Property 'position' does not exist on type 'ContractProcess'.
src/components/controladoria/contracts/components/ProcessDetailsModal.tsx(77,76): error TS2339: Property 'action_type' does not exist on type 'ContractProcess'.
src/components/controladoria/contracts/components/ProcessDetailsModal.tsx(81,76): error TS2339: Property 'distribution_date' does not exist on type 'ContractProcess'.
src/components/controladoria/contracts/components/ProcessDetailsModal.tsx(81,113): error TS2339: Property 'distribution_date' does not exist on type 'ContractProcess'.
src/components/controladoria/contracts/components/ProcessDetailsModal.tsx(85,76): error TS2339: Property 'justice_type' does not exist on type 'ContractProcess'.
src/components/controladoria/contracts/components/ProcessDetailsModal.tsx(89,76): error TS2339: Property 'instance' does not exist on type 'ContractProcess'.
src/components/controladoria/contracts/components/ProcessDetailsModal.tsx(93,76): error TS2339: Property 'process_class' does not exist on type 'ContractProcess'.
src/components/controladoria/contracts/components/ProcessDetailsModal.tsx(97,76): error TS2339: Property 'subject' does not exist on type 'ContractProcess'.
src/components/controladoria/contracts/components/ProcessDetailsModal.tsx(103,72): error TS2339: Property 'cause_value' does not exist on type 'ContractProcess'.
src/components/controladoria/contracts/components/StatusAndDatesSection.tsx(46,42): error TS6133: 'removeExtra' is declared but its value is never read.
src/components/controladoria/contracts/ContractDetailsModal.tsx(431,77): error TS2339: Property 'court' does not exist on type 'ContractProcess'.
src/components/controladoria/contracts/ContractDetailsModal.tsx(431,104): error TS2339: Property 'vara' does not exist on type 'ContractProcess'.
src/components/controladoria/contracts/ContractFormModal.tsx(67,32): error TS6133: 'setDuplicateProcessData' is declared but its value is never read.
src/components/controladoria/contracts/ContractFormModal.tsx(68,34): error TS6133: 'setDuplicateOpponentCases' is declared but its value is never read.
src/components/controladoria/contracts/ContractFormModal.tsx(75,10): error TS6133: 'expandedSections' is declared but its value is never read.
src/components/controladoria/contracts/ContractFormModal.tsx(75,28): error TS6133: 'setExpandedSections' is declared but its value is never read.
src/components/controladoria/contracts/ContractFormModal.tsx(106,9): error TS6133: 'authorOptions' is declared but its value is never read.
src/components/controladoria/contracts/ContractFormModal.tsx(108,9): error TS6133: 'classOptions' is declared but its value is never read.
src/components/controladoria/contracts/ContractFormModal.tsx(109,9): error TS6133: 'subjectOptions' is declared but its value is never read.
src/components/controladoria/contracts/ContractFormModal.tsx(637,9): error TS6133: 'courtSelectOptions' is declared but its value is never read.
src/components/controladoria/contracts/ContractFormModal.tsx(640,9): error TS6133: 'handleTypeChange' is declared but its value is never read.
src/components/controladoria/contracts/ContractFormModal.tsx(644,9): error TS6133: 'openOptionManager' is declared but its value is never read.
src/components/controladoria/dashboard/FinItem.tsx(1,1): error TS6133: 'React' is declared but its value is never read.
src/components/controladoria/dashboard/WeeklySummary.tsx(2,50): error TS6133: 'CheckCircle' is declared but its value is never read.
src/components/controladoria/dashboard/WeeklySummary.tsx(2,63): error TS6133: 'SearchX' is declared but its value is never read.
src/components/controladoria/dashboard/WeeklySummary.tsx(2,72): error TS6133: 'Briefcase' is declared but its value is never read.
src/components/controladoria/kanban/KanbanTaskModal.tsx(2,37): error TS6133: 'User' is declared but its value is never read.
src/components/controladoria/kanban/KanbanTaskModal.tsx(22,5): error TS2353: Object literal may only specify known properties, and 'observation' does not exist in type 'Partial<KanbanTask> | (() => Partial<KanbanTask>)'.
src/components/controladoria/kanban/KanbanTaskModal.tsx(34,9): error TS2353: Object literal may only specify known properties, and 'observation' does not exist in type 'SetStateAction<Partial<KanbanTask>>'.
src/components/controladoria/kanban/KanbanTaskModal.tsx(34,27): error TS2339: Property 'observation' does not exist on type 'KanbanTask'.
src/components/controladoria/kanban/KanbanTaskModal.tsx(44,9): error TS2353: Object literal may only specify known properties, and 'observation' does not exist in type 'SetStateAction<Partial<KanbanTask>>'.
src/components/controladoria/kanban/KanbanTaskModal.tsx(182,31): error TS2339: Property 'observation' does not exist on type 'Partial<KanbanTask>'.
src/components/controladoria/kanban/KanbanTaskModal.tsx(183,56): error TS2353: Object literal may only specify known properties, and 'observation' does not exist in type 'SetStateAction<Partial<KanbanTask>>'.
src/components/controladoria/main.tsx(3,17): error TS2307: Cannot find module './App.tsx' or its corresponding type declarations.
src/components/controladoria/pages/Compliance.tsx(228,9): error TS6133: 'expiringByLocation' is declared but its value is never read.
src/components/controladoria/pages/Compliance.tsx(292,9): error TS6133: 'uniqueCertTypes' is declared but its value is never read.
src/components/controladoria/pages/Contracts.tsx(253,59): error TS2339: Property 'court' does not exist on type 'ContractProcess'.
src/components/controladoria/pages/Contracts.tsx(267,7): error TS2353: Object literal may only specify known properties, and 'court' does not exist in type 'SetStateAction<ContractProcess>'.
src/components/controladoria/pages/Contracts.tsx(329,11): error TS2339: Property 'author' does not exist on type 'ContractProcess'.
src/components/controladoria/pages/Contracts.tsx(331,11): error TS2339: Property 'court' does not exist on type 'ContractProcess'.
src/components/controladoria/pages/Contracts.tsx(332,11): error TS2339: Property 'vara' does not exist on type 'ContractProcess'.
src/components/controladoria/pages/Contracts.tsx(333,11): error TS2339: Property 'comarca' does not exist on type 'ContractProcess'.
src/components/controladoria/pages/Contracts.tsx(334,26): error TS2339: Property 'magistrates' does not exist on type 'ContractProcess'.
src/components/controladoria/pages/Contracts.tsx(334,44): error TS2339: Property 'magistrates' does not exist on type 'ContractProcess'.
src/components/controladoria/pages/History.tsx(1,8): error TS6133: 'React' is declared but its value is never read.
src/components/controladoria/pages/History.tsx(7,3): error TS6133: 'Clock' is declared but its value is never read.
src/components/controladoria/pages/History.tsx(8,3): error TS6133: 'User' is declared but its value is never read.
src/components/controladoria/pages/History.tsx(9,3): error TS6133: 'FileText' is declared but its value is never read.
src/components/controladoria/pages/History.tsx(13,3): error TS6133: 'ArrowRight' is declared but its value is never read.
src/components/controladoria/pages/History.tsx(15,3): error TS6133: 'Shield' is declared but its value is never read.
src/components/controladoria/pages/History.tsx(17,3): error TS6133: 'Plane' is declared but its value is never read.
src/components/controladoria/pages/Kanban.tsx(172,15): error TS6133: 'data' is declared but its value is never read.
src/components/controladoria/pages/Settings.tsx(1,8): error TS6133: 'React' is declared but its value is never read.
src/components/controladoria/pages/Settings.tsx(4,45): error TS6133: 'Search' is declared but its value is never read.
src/components/controladoria/pages/Settings.tsx(4,53): error TS6133: 'Lock' is declared but its value is never read.
src/components/controladoria/pages/Settings.tsx(5,45): error TS6133: 'Plane' is declared but its value is never read.
src/components/controladoria/partners/PartnerManagerModal.tsx(3,8): error TS6133: 'React' is declared but its value is never read.
src/components/controladoria/proposals/ProposalDocument.tsx(1,1): error TS6133: 'React' is declared but its value is never read.
src/components/controladoria/ui/ConfirmModal.tsx(1,1): error TS6133: 'React' is declared but its value is never read.
src/components/controladoria/ui/ConfirmModal.tsx(2,25): error TS6133: 'X' is declared but its value is never read.
src/components/controladoria/ui/CopyChartButton.tsx(1,8): error TS6133: 'React' is declared but its value is never read.
src/components/controladoria/ui/EmptyState.tsx(1,1): error TS6133: 'React' is declared but its value is never read.
src/components/controladoria/ui/SuccessModal.tsx(1,1): error TS6133: 'React' is declared but its value is never read.
src/components/controladoria/ui/SuccessModal.tsx(2,24): error TS6133: 'X' is declared but its value is never read.
src/components/controladoria/utils/contractHelpers.ts(2,1): error TS6192: All imports in import declaration are unused.
src/components/controladoria/utils/contractHelpers.ts(77,48): error TS2339: Property 'new_status' does not exist on type 'TimelineEvent'.
src/components/controladoria/utils/contractHelpers.ts(78,50): error TS2339: Property 'new_status' does not exist on type 'TimelineEvent'.
src/components/crm/Clients.tsx(9,3): error TS6133: 'Edit' is declared but its value is never read.
src/components/crm/Clients.tsx(245,17): error TS2322: Type '{ label: string | undefined; value: string | undefined; }[]' is not assignable to type '{ label: string; value: string; }[]'.
  Type '{ label: string | undefined; value: string | undefined; }' is not assignable to type '{ label: string; value: string; }'.
    Types of property 'label' are incompatible.
      Type 'string | undefined' is not assignable to type 'string'.
        Type 'undefined' is not assignable to type 'string'.
src/components/crm/Dashboard.tsx(10,3): error TS6133: 'Cell' is declared but its value is never read.
src/components/crm/Dashboard.tsx(11,3): error TS6133: 'LabelList' is declared but its value is never read.
src/components/crm/Dashboard.tsx(20,3): error TS6133: 'Gavel' is declared but its value is never read.
src/components/crm/Dashboard.tsx(63,5): error TS2353: Object literal may only specify known properties, and 'stateData' does not exist in type 'DashboardStats | (() => DashboardStats)'.
src/components/crm/Dashboard.tsx(108,45): error TS2339: Property 'name' does not exist on type '{ name: any; }[]'.
src/components/crm/Dashboard.tsx(145,27): error TS7053: Element implicitly has an 'any' type because expression of type '"Brinde VIP"' can't be used to index type '{ name: string; }'.
  Property 'Brinde VIP' does not exist on type '{ name: string; }'.
src/components/crm/Dashboard.tsx(145,45): error TS7053: Element implicitly has an 'any' type because expression of type '"Brinde M├®dio"' can't be used to index type '{ name: string; }'.
  Property 'Brinde M├®dio' does not exist on type '{ name: string; }'.
src/components/crm/Dashboard.tsx(145,67): error TS7053: Element implicitly has an 'any' type because expression of type '"Brinde VIP"' can't be used to index type '{ name: string; }'.
  Property 'Brinde VIP' does not exist on type '{ name: string; }'.
src/components/crm/Dashboard.tsx(145,85): error TS7053: Element implicitly has an 'any' type because expression of type '"Brinde M├®dio"' can't be used to index type '{ name: string; }'.
  Property 'Brinde M├®dio' does not exist on type '{ name: string; }'.
src/components/crm/Dashboard.tsx(163,9): error TS2353: Object literal may only specify known properties, and 'stateData' does not exist in type 'SetStateAction<DashboardStats>'.
src/components/crm/IncompleteClients.tsx(1,40): error TS6133: 'Fragment' is declared but its value is never read.
src/components/crm/IncompleteClients.tsx(4,32): error TS6133: 'X' is declared but its value is never read.
src/components/crm/IncompleteClients.tsx(5,3): error TS6133: 'Check' is declared but its value is never read.
src/components/crm/IncompleteClients.tsx(7,3): error TS6133: 'Grid' is declared but its value is never read.
src/components/crm/IncompleteClients.tsx(7,9): error TS6133: 'LogOut' is declared but its value is never read.
src/components/crm/IncompleteClients.tsx(21,35): error TS6198: All destructured elements are unused.
src/components/crm/IncompleteClients.tsx(203,9): error TS6133: 'hasActiveFilters' is declared but its value is never read.
src/components/crm/IncompleteClients.tsx(205,9): error TS6133: 'clearFilters' is declared but its value is never read.
src/components/crm/IncompleteClients.tsx(374,18): error TS6133: 'updatedClient' is declared but its value is never read.
src/components/crm/ManagedSelect.tsx(3,72): error TS6133: 'Loader2' is declared but its value is never read.
src/components/crm/ManagedSelect.tsx(3,81): error TS6133: 'AlertTriangle' is declared but its value is never read.
src/components/crm/NewClientModal.tsx(2,49): error TS6133: 'useMemo' is declared but its value is never read.
src/components/crm/NewClientModal.tsx(4,42): error TS6133: 'UserCircle' is declared but its value is never read.
src/components/crm/NewClientModal.tsx(4,54): error TS6133: 'ChevronDown' is declared but its value is never read.
src/components/crm/NewClientModal.tsx(4,67): error TS6133: 'Plus' is declared but its value is never read.
src/components/crm/NewClientModal.tsx(4,73): error TS6133: 'Trash2' is declared but its value is never read.
src/components/crm/NewClientModal.tsx(4,81): error TS6133: 'Loader2' is declared but its value is never read.
src/components/crm/NewClientModal.tsx(4,98): error TS6133: 'Info' is declared but its value is never read.
src/components/crm/NewClientModal.tsx(9,43): error TS6133: 'mapDbToClient' is declared but its value is never read.
src/components/crm/NewClientModal.tsx(26,10): error TS6133: 'isSocioMenuOpen' is declared but its value is never read.
src/components/crm/NewClientModal.tsx(27,10): error TS6133: 'newSocioName' is declared but its value is never read.
src/components/crm/NewClientModal.tsx(27,24): error TS6133: 'setNewSocioName' is declared but its value is never read.
src/components/crm/NewClientModal.tsx(28,10): error TS6133: 'loadingSocios' is declared but its value is never read.
src/components/crm/NewClientModal.tsx(29,9): error TS6133: 'socioMenuRef' is declared but its value is never read.
src/components/crm/NewClientModal.tsx(112,40): error TS2304: Cannot find name 'GiftHistoryItem'.
src/components/crm/NewClientModal.tsx(171,37): error TS7006: Parameter 'v' implicitly has an 'any' type.
src/components/crm/NewClientModal.tsx(180,35): error TS7006: Parameter 'v' implicitly has an 'any' type.
src/components/crm/NewClientModal.tsx(188,35): error TS7006: Parameter 'v' implicitly has an 'any' type.
src/components/crm/NewClientModal.tsx(210,35): error TS7006: Parameter 'v' implicitly has an 'any' type.
src/components/crm/NewClientModal.tsx(260,37): error TS7006: Parameter 'v' implicitly has an 'any' type.
src/components/crm/NewClientModal.tsx(269,37): error TS7006: Parameter 'v' implicitly has an 'any' type.
src/components/crm/NewClientModal.tsx(278,37): error TS7006: Parameter 'v' implicitly has an 'any' type.
src/components/crm/NewClientModal.tsx(287,37): error TS7006: Parameter 'v' implicitly has an 'any' type.
src/components/crm/NewClientModal.tsx(296,37): error TS7006: Parameter 'v' implicitly has an 'any' type.
src/components/crm/NewClientModal.tsx(348,69): error TS2339: Property 'created_at' does not exist on type 'ClientDataLegacy'.
src/components/crm/NewClientModal.tsx(348,100): error TS2339: Property 'created_by' does not exist on type 'ClientDataLegacy'.
src/components/crm/NewClientModal.tsx(349,70): error TS2339: Property 'updated_at' does not exist on type 'ClientDataLegacy'.
src/components/crm/NewClientModal.tsx(349,101): error TS2339: Property 'updated_by' does not exist on type 'ClientDataLegacy'.
src/components/ErrorBoundary.tsx(1,8): error TS6133: 'React' is declared but its value is never read.
src/components/finance/components/Financemodalenviarfatura.tsx(18,34): error TS2307: Cannot find module '../../../SearchableSelect' or its corresponding type declarations.
src/components/finance/components/Financemodalenviarfatura.tsx(19,41): error TS2307: Cannot find module '../hooks/useFinanceContasReceber' or its corresponding type declarations.
src/components/finance/components/Financemodalenviarfatura.tsx(20,26): error TS2307: Cannot find module '../../../../lib/supabase' or its corresponding type declarations.
src/components/finance/contasareceber/components/FinanceModalDetalhesFatura.tsx(1,1): error TS6133: 'React' is declared but its value is never read.
src/components/finance/contasareceber/components/FinanceModalDetalhesFatura.tsx(2,13): error TS6133: 'Calendar' is declared but its value is never read.
src/components/finance/contasareceber/components/FinanceModalDetalhesFatura.tsx(2,35): error TS6133: 'Mail' is declared but its value is never read.
src/components/finance/contasareceber/components/FinanceModalDetalhesFatura.tsx(2,47): error TS6133: 'FileText' is declared but its value is never read.
src/components/finance/contasareceber/components/FinanceModalDetalhesFatura.tsx(2,57): error TS6133: 'CheckCircle2' is declared but its value is never read.
src/components/finance/contasareceber/components/FinanceModalDetalhesFatura.tsx(2,71): error TS6133: 'Clock' is declared but its value is never read.
src/components/finance/contasareceber/components/FinanceModalDetalhesFatura.tsx(2,78): error TS6133: 'AlertCircle' is declared but its value is never read.
src/components/finance/contasareceber/components/FinanceModalDetalhesFatura.tsx(2,91): error TS6133: 'Phone' is declared but its value is never read.
src/components/finance/contasareceber/components/FinanceModalEditarDatas.tsx(1,8): error TS6133: 'React' is declared but its value is never read.
src/components/finance/contasareceber/components/FinanceModalEnviarFatura.tsx(114,9): error TS6133: 'isExternalDomain' is declared but its value is never read.
src/components/finance/contasareceber/pages/FinanceCalendarioReceber.tsx(9,3): error TS6133: 'LogOut' is declared but its value is never read.
src/components/finance/contasareceber/pages/FinanceCalendarioReceber.tsx(32,80): error TS6133: 'onLogout' is declared but its value is never read.
src/components/finance/contasareceber/pages/FinanceClientes.tsx(13,3): error TS6133: 'FileText' is declared but its value is never read.
src/components/finance/contasareceber/pages/FinanceContasReceber.tsx(4,3): error TS6133: 'Filter' is declared but its value is never read.
src/components/finance/contasareceber/pages/FinanceContasReceber.tsx(16,3): error TS6133: 'ChevronLeft' is declared but its value is never read.
src/components/finance/contasareceber/pages/FinanceContasReceber.tsx(17,3): error TS6133: 'ChevronRight' is declared but its value is never read.
src/components/finance/contasareceber/pages/FinanceContasReceber.tsx(36,7): error TS6133: 'MESES' is declared but its value is never read.
src/components/finance/contasareceber/pages/FinanceContasReceber.tsx(90,9): error TS6133: 'prevMonth' is declared but its value is never read.
src/components/finance/contasareceber/pages/FinanceContasReceber.tsx(95,9): error TS6133: 'nextMonth' is declared but its value is never read.
src/components/finance/contasareceber/pages/FinanceContasReceber.tsx(214,9): error TS6133: 'countTodos' is declared but its value is never read.
src/components/finance/contasareceber/pages/FinanceContasReceber.tsx(215,9): error TS6133: 'countAguardando' is declared but its value is never read.
src/components/finance/contasareceber/pages/FinanceContasReceber.tsx(216,9): error TS6133: 'countRadar' is declared but its value is never read.
src/components/finance/contasareceber/pages/FinanceContasReceber.tsx(217,9): error TS6133: 'countPago' is declared but its value is never read.
src/components/finance/Financeiro.tsx(3,35): error TS2307: Cannot find module './components/SidebarFinanceiro' or its corresponding type declarations.
src/components/finance/Financeiro.tsx(4,32): error TS2307: Cannot find module './pages/GestaoAeronave' or its corresponding type declarations.
src/components/finance/pages/Calendario.tsx(10,3): error TS6133: 'DollarSign' is declared but its value is never read.
src/components/finance/pages/Calendario.tsx(13,3): error TS6133: 'Filter' is declared but its value is never read.
src/components/finance/pages/Calendario.tsx(16,3): error TS6133: 'AlignLeft' is declared but its value is never read.
src/components/finance/pages/Calendario.tsx(18,3): error TS6133: 'Pencil' is declared but its value is never read.
src/components/finance/pages/Calendario.tsx(19,3): error TS6133: 'Trash2' is declared but its value is never read.
src/components/finance/pages/Calendario.tsx(20,3): error TS2724: '"lucide-react"' has no exported member named 'MonthIcon'. Did you mean 'MoonIcon'?
src/components/finance/pages/Calendario.tsx(20,3): error TS6133: 'MonthIcon' is declared but its value is never read.
src/components/finance/pages/FinanceDashboard.tsx(1,1): error TS6133: 'useState' is declared but its value is never read.
src/components/finance/pages/FinanceDashboard.tsx(10,34): error TS6133: 'userName' is declared but its value is never read.
src/components/finance/pages/GED.tsx(22,11): error TS6196: 'GEDProps' is declared but never used.
src/components/finance/SidebarFinanceiro.tsx(26,10): error TS6133: 'userName' is declared but its value is never read.
src/components/secretaria/FamiliaFilters.tsx(2,10): error TS6133: 'Filter' is declared but its value is never read.
src/components/secretaria/FamiliaFilters.tsx(43,9): error TS6133: 'hasActiveFilters' is declared but its value is never read.
src/components/secretaria/FamiliaFilters.tsx(45,9): error TS6133: 'clearAll' is declared but its value is never read.
src/components/secretaria/FamiliaFormModal.tsx(40,73): error TS7015: Element implicitly has an 'any' type because index expression is not of type 'number'.
src/components/secretaria/FamiliaMenuSelector.tsx(2,38): error TS6133: 'Check' is declared but its value is never read.
src/components/secretaria/FamiliaMenuSelector.tsx(19,10): error TS6133: 'isOpen' is declared but its value is never read.
src/components/secretaria/FamiliaMenuSelector.tsx(19,18): error TS6133: 'setIsOpen' is declared but its value is never read.
src/components/secretaria/FamiliaViewModal.tsx(1,73): error TS6133: 'DollarSign' is declared but its value is never read.
src/components/secretaria/FamiliaViewModal.tsx(1,112): error TS6133: 'CheckCircle' is declared but its value is never read.
src/components/secretaria/GestaoFamilia.tsx(11,3): error TS6133: 'UserCircle' is declared but its value is never read.
src/components/secretaria/GestaoFamilia.tsx(12,3): error TS6133: 'LogOut' is declared but its value is never read.
src/components/secretaria/GestaoFamilia.tsx(13,3): error TS6133: 'Grid' is declared but its value is never read.
src/components/secretaria/GestaoFamilia.tsx(33,31): error TS6198: All destructured elements are unused.
src/components/secretaria/GestaoFamilia.tsx(133,9): error TS6133: 'handleViewItem' is declared but its value is never read.
src/components/secretaria/pages/SecretariaExecutivaCalendario.tsx(12,15): error TS6133: 'CalendarIcon' is declared but its value is never read.
src/components/secretaria/pages/SecretariaExecutivaCalendario.tsx(13,3): error TS6133: 'Filter' is declared but its value is never read.
src/components/secretaria/pages/SecretariaExecutivaCalendario.tsx(14,3): error TS6133: 'X' is declared but its value is never read.
src/components/secretaria/pages/SecretariaExecutivaCalendario.tsx(15,3): error TS6133: 'Search' is declared but its value is never read.
src/components/secretaria/pages/SecretariaExecutivaGED.tsx(12,3): error TS6133: 'MoreVertical' is declared but its value is never read.
src/components/settings/OperationalSection.tsx(52,30): error TS2347: Untyped function calls may not accept type arguments.
src/components/settings/RHSection.tsx(94,30): error TS2347: Untyped function calls may not accept type arguments.
src/components/settings/SystemSection.tsx(1,10): error TS6133: 'Code' is declared but its value is never read.
src/components/settings/UserManagement.tsx(1,1): error TS6133: 'React' is declared but its value is never read.
src/components/settings/UserModal.tsx(1,1): error TS6133: 'React' is declared but its value is never read.
src/components/ui/AlertModal.tsx(1,8): error TS6133: 'React' is declared but its value is never read.
src/components/ui/ConfirmationModal.tsx(1,8): error TS6133: 'React' is declared but its value is never read.
src/components/WelcomeModal.tsx(3,52): error TS6133: 'X' is declared but its value is never read.
src/contexts/PresentationContext.tsx(1,8): error TS6133: 'React' is declared but its value is never read.
src/utils/docxGenerator.ts(44,34): error TS2345: Argument of type '{ data: ArrayBuffer; transformation: { width: number; height: number; }; }' is not assignable to parameter of type 'IImageOptions'.
  Type '{ data: ArrayBuffer; transformation: { width: number; height: number; }; }' is not assignable to type 'SvgMediaOptions & CoreImageOptions'.
    Type '{ data: ArrayBuffer; transformation: { width: number; height: number; }; }' is missing the following properties from type 'SvgMediaOptions': type, fallback
src/utils/docxGenerator.ts(77,58): error TS2345: Argument of type '{ data: ArrayBuffer; transformation: { width: number; height: number; }; }' is not assignable to parameter of type 'IImageOptions'.
  Type '{ data: ArrayBuffer; transformation: { width: number; height: number; }; }' is not assignable to type 'SvgMediaOptions & CoreImageOptions'.
    Type '{ data: ArrayBuffer; transformation: { width: number; height: number; }; }' is missing the following properties from type 'SvgMediaOptions': type, fallback
src/utils/docxGenerator.ts(94,58): error TS2345: Argument of type '{ data: ArrayBuffer; transformation: { width: number; height: number; }; }' is not assignable to parameter of type 'IImageOptions'.
  Type '{ data: ArrayBuffer; transformation: { width: number; height: number; }; }' is not assignable to type 'SvgMediaOptions & CoreImageOptions'.
    Type '{ data: ArrayBuffer; transformation: { width: number; height: number; }; }' is missing the following properties from type 'SvgMediaOptions': type, fallback
src/utils/extenso.ts(34,49): error TS6133: 'genero' is declared but its value is never read.
